// Jest Snapshot v1, https://goo.gl/fbAQLP

exports[`Pruebas en <GifGridItem/> Debe mostrar el componente 1`] = `
<div
  className="card animate__animated animate__fadeIn"
>
  <img
    alt="titulo"
    src="https://media1.giphy.com/media/l2JhxQy0xZxZyQ7XS/200w.gif"
  />
  <p>
    titulo
  </p>
</div>
`;
